fullB_START 20260918T181117Z ckpt=out_a/bdh_textmix_ladA-A1-K5-ga_last.pt
router ckpt=out_a/bdh_textmix_ladA-A1-K5-ga_last.pt | routes=[8192, 10240, 12288, 14336, 16384] n/head | window=128 tok | 200 crops/domain

confusion (rows=true domain, cols=routed prefix width):
               8192    10240    12288    14336    16384
    prose       200        0        0        0        0
     code         0      200        0        0        0
     math         0        0      200        0        0
    legal         0        0        0      200        0
       ga         0        0        0        0      200

served ppl grid (rows=true domain, cols=forced width):
               8192    10240    12288    14336    16384
    prose      2.46     4.33    14.37     5.27    34.52
     code    107.96     4.90    28.87    18.97   103.38
     math     51.35    14.79     1.47     6.90    47.21
    legal      4.72     4.03    11.86     2.28    18.60
       ga     24.98    20.07    57.71    22.65     2.37

   domain   routed
    prose     2.46
     code     4.90
     math     1.47
    legal     2.28
       ga     2.37

joint full-width reference: ppl 23.67  (served positions only)
fullB_RC=0 20260918T181417Z
