Warning: You are sending unauthenticated requests to the HF Hub. Please set a HF_TOKEN to enable higher rate limits and faster downloads.
Loading weights:   0%|          | 0/103 [00:00<?, ?it/s]Loading weights: 100%|██████████| 103/103 [00:00<00:00, 5636.92it/s]
[arm2] model=sentence-transformers/all-MiniLM-L6-v2 emb=(1920, 384)

arm2 all-MiniLM-L6-v2      acc 578/580 = 0.9966  Wilson [0.988, 0.999]  per-domain:
      bg         29/29
      cs         28/29
      da         29/29
      de         29/29
      el         29/29
      en         29/29
      es         29/29
      et         29/29
      fi         29/29
      fr         29/29
      hu         29/29
      it         29/29
      lt         29/29
      nl         29/29
      pl         29/29
      pt         29/29
      ro         29/29
      sk         28/29
      sl         29/29
      sv         29/29

arm2 + mlp256              acc 578/580 = 0.9966  Wilson [0.988, 0.999]  per-domain:
      bg         29/29
      cs         28/29
      da         29/29
      de         29/29
      el         29/29
      en         29/29
      es         29/29
      et         29/29
      fi         29/29
      fr         29/29
      hu         29/29
      it         29/29
      lt         29/29
      nl         29/29
      pl         29/29
      pt         29/29
      ro         29/29
      sk         28/29
      sl         29/29
      sv         29/29
